PS C:\Coding\FullStackWebDev\FullStackWebDevPart12\script-answers> docker container ls -a
CONTAINER ID   IMAGE        COMMAND                  CREATED         STATUS                     PORTS     NAMES
37a835fe02d5   ubuntu       "bash"                   6 minutes ago   Exited (0) 5 minutes ago             stupefied_perlman
28a4fe1a1ba6   alpine/git   "git clone https://gâ€¦"   3 days ago      Exited (0) 3 days ago                repo
PS C:\Coding\FullStackWebDev\FullStackWebDevPart12\script-answers> docker container run --interactive stupefied_perlman
Unable to find image 'stupefied_perlman:latest' locally
docker: Error response from daemon: pull access denied for stupefied_perlman, repository does not exist or may require 'docker login': denied: requested access to the 
resource is denied.
See 'docker run --help'.
PS C:\Coding\FullStackWebDev\FullStackWebDevPart12\script-answers> docker container start --interactive stupefied_perlman
root@37a835fe02d5:/# apt -y install nano
Reading package lists... Done
Building dependency tree       
Reading state information... Done
E: Unable to locate package nano
root@37a835fe02d5:/# apt update
Get:1 http://archive.ubuntu.com/ubuntu focal InRelease [265 kB]
Get:2 http://security.ubuntu.com/ubuntu focal-security InRelease [114 kB]
Get:3 http://archive.ubuntu.com/ubuntu focal-updates InRelease [114 kB]
Get:4 http://archive.ubuntu.com/ubuntu focal-backports InRelease [101 kB]
Get:5 http://archive.ubuntu.com/ubuntu focal/restricted amd64 Packages [33.4 kB]
Get:6 http://archive.ubuntu.com/ubuntu focal/multiverse amd64 Packages [177 kB]
Get:7 http://archive.ubuntu.com/ubuntu focal/main amd64 Packages [1275 kB]
Get:8 http://security.ubuntu.com/ubuntu focal-security/universe amd64 Packages [796 kB]
Get:9 http://archive.ubuntu.com/ubuntu focal/universe amd64 Packages [11.3 MB]
Get:10 http://security.ubuntu.com/ubuntu focal-security/main amd64 Packages [1135 kB]
Get:11 http://archive.ubuntu.com/ubuntu focal-updates/universe amd64 Packages [1084 kB]
Get:12 http://archive.ubuntu.com/ubuntu focal-updates/multiverse amd64 Packages [33.3 kB]
Get:13 http://archive.ubuntu.com/ubuntu focal-updates/main amd64 Packages [1582 kB]
Get:14 http://security.ubuntu.com/ubuntu focal-security/multiverse amd64 Packages [30.1 kB]
Get:15 http://archive.ubuntu.com/ubuntu focal-updates/restricted amd64 Packages [632 kB]
Get:16 http://security.ubuntu.com/ubuntu focal-security/restricted amd64 Packages [581 kB]
Get:17 http://archive.ubuntu.com/ubuntu focal-backports/universe amd64 Packages [6310 B]
Get:18 http://archive.ubuntu.com/ubuntu focal-backports/main amd64 Packages [2668 B]
Fetched 19.3 MB in 11s (1818 kB/s)
  nano
0 upgraded, 1 newly installed, 0 to remove and 4 not upgraded.
Need to get 269 kB of archives.
After this operation, 868 kB of additional disk space will be used.
Get:1 http://archive.ubuntu.com/ubuntu focal/main amd64 nano amd64 4.8-1ubuntu1 [269 kB]
Fetched 269 kB in 1s (420 kB/s)
debconf: delaying package configuration, since apt-utils is not installed
Selecting previously unselected package nano.
(Reading database ... 4127 files and directories currently installed.)
Preparing to unpack .../nano_4.8-1ubuntu1_amd64.deb ...
Unpacking nano (4.8-1ubuntu1) ...
Setting up nano (4.8-1ubuntu1) ...
update-alternatives: using /bin/nano to provide /usr/bin/editor (editor) in auto mode
update-alternatives: warning: skip creation of /usr/share/man/man1/editor.1.gz because associated file /usr/share/man/man1/nano.1.gz (of link group editor) doesn't exist
update-alternatives: using /bin/nano to provide /usr/bin/pico (pico) in auto mode
update-alternatives: warning: skip creation of /usr/share/man/man1/pico.1.gz because associated file /usr/share/man/man1/nano.1.gz (of link group pico) doesn't exist  
root@37a835fe02d5:/# nano /usr/src/app/index.js
root@37a835fe02d5:/#